// Vitest Snapshot v1, https://vitest.dev/guide/snapshot.html

exports[`switch.melody.twig - melody-verify > switch.melody.twig 1`] = `
{% switch matrixBlock.type %}
    {% case "text" %}

        {{ matrixBlock.textField | markdown }}

    {% case "image" %}

        {{ matrixBlock.image[0].getImg() }}

    {% default %}

        <p>A font walks into a bar.</p>
        <p>The bartender says, “Hey, we don’t serve your type in here!”</p>

{% endswitch %}
~~~~~~~~~~~~~~~~~~~~~~~~~~~~~~~~~~~~~~~~~~~~~~~~~~~~~~~~~~~~~~~~~~~~~~~~~~~~~~~~
{% switch matrixBlock.type %}
    {% case 'text' %}
        {{ matrixBlock.textField|markdown }}
    {% case 'image' %}
        {{ matrixBlock.image[0].getImg() }}
    {% default %}
        <p>
            A font walks into a bar.
        </p>
        <p>
            The bartender says, “Hey, we don’t serve your type in here!”
        </p>
{% endswitch %}

`;
