// Vitest Snapshot v1, https://vitest.dev/guide/snapshot.html

exports[`prettierIgnore.twig - twig-verify > prettierIgnore.twig 1`] = `
<!-- prettier-ignore -->
<div><span    class="what-about-this"  >Should not re-format</span></div>
<div><span    class="what-about-this"  >Should re-format</span></div>

{#prettier-ignore#}
<div><span    class="what-about-this"  >Should not re-format</span></div>
<div><span    class="what-about-this"  >Should re-format</span></div>
~~~~~~~~~~~~~~~~~~~~~~~~~~~~~~~~~~~~~~~~~~~~~~~~~~~~~~~~~~~~~~~~~~~~~~~~~~~~~~~~
<!-- prettier-ignore -->
<div><span    class="what-about-this"  >Should not re-format</span></div>
<div>
    <span class="what-about-this">Should re-format</span>
</div>

{# prettier-ignore #}
<div><span    class="what-about-this"  >Should not re-format</span></div>
<div>
    <span class="what-about-this">Should re-format</span>
</div>

`;

exports[`prettierIgnoreStartEnd.twig - twig-verify > prettierIgnoreStartEnd.twig 1`] = `
<!--prettier-ignore-start-->
<div><span    class="what-about-this"  >Should not re-format</span></div>
<div><span    class="what-about-this"  >Should not re-format</span></div>
<div><span    class="what-about-this"  >Should not re-format</span></div>
<!-- prettier-ignore-end -->

<div><span    class="what-about-this"  >Should re-format</span></div>

{# prettier-ignore-start #}
<div><span    class="what-about-this"  >Should not re-format</span></div>
<div><span    class="what-about-this"  >Should not re-format</span></div>
<div><span    class="what-about-this"  >Should not re-format</span></div>
{# prettier-ignore-end #}

<div><span    class="what-about-this"  >Should re-format</span></div>
~~~~~~~~~~~~~~~~~~~~~~~~~~~~~~~~~~~~~~~~~~~~~~~~~~~~~~~~~~~~~~~~~~~~~~~~~~~~~~~~
<!-- prettier-ignore-start -->
<div><span    class="what-about-this"  >Should not re-format</span></div>
<div><span    class="what-about-this"  >Should not re-format</span></div>
<div><span    class="what-about-this"  >Should not re-format</span></div>
<!-- prettier-ignore-end -->

<div>
    <span class="what-about-this">Should re-format</span>
</div>

{# prettier-ignore-start #}
<div><span    class="what-about-this"  >Should not re-format</span></div>
<div><span    class="what-about-this"  >Should not re-format</span></div>
<div><span    class="what-about-this"  >Should not re-format</span></div>
{# prettier-ignore-end #}

<div>
    <span class="what-about-this">Should re-format</span>
</div>

`;
