// Vitest Snapshot v1, https://vitest.dev/guide/snapshot.html

exports[`alwaysBreakObjects.twig - twig-verify > alwaysBreakObjects.twig 1`] = `
<section class="{{ {
    base: css.prices
} | classes }}">
</section>
~~~~~~~~~~~~~~~~~~~~~~~~~~~~~~~~~~~~~~~~~~~~~~~~~~~~~~~~~~~~~~~~~~~~~~~~~~~~~~~~
<section class="{{ { base: css.prices }|classes }}"></section>

`;

exports[`endblockName.twig - twig-verify > endblockName.twig 1`] = `
{% block title %}
    {{ item.name|title }}
{% endblock %}
~~~~~~~~~~~~~~~~~~~~~~~~~~~~~~~~~~~~~~~~~~~~~~~~~~~~~~~~~~~~~~~~~~~~~~~~~~~~~~~~
{% block title %}
    {{ item.name|title }}
{% endblock title %}

`;

exports[`printWidth.twig - twig-verify > printWidth.twig 1`] = `
<span attr1="one" attr2="two" attr3="three" attr4="four" attr5="five" attr6="six" attr7="seven" attr8="abcd">Text</span>

<span attr1="one" attr2="two" attr3="three" attr4="four" attr5="five" attr6="six" attr7="seven" attr8="abcde">Text</span>
~~~~~~~~~~~~~~~~~~~~~~~~~~~~~~~~~~~~~~~~~~~~~~~~~~~~~~~~~~~~~~~~~~~~~~~~~~~~~~~~
<span attr1="one" attr2="two" attr3="three" attr4="four" attr5="five" attr6="six" attr7="seven" attr8="abcd">Text</span>

<span attr1="one" attr2="two" attr3="three" attr4="four" attr5="five" attr6="six" attr7="seven" attr8="abcde">
    Text
</span>

`;
